// Jest Snapshot v1, https://goo.gl/fbAQLP

exports[`TableHead renders 1`] = `
<div>
  <div
    class="Picasso-root"
  >
    <table
      class="MuiTable-root"
    >
      <thead
        class="MuiTableHead-root"
      >
        <tr
          class="MuiTableRow-root TableRow-root MuiTableRow-head TableRow-head"
        >
          <th
            class="MuiTableCell-root TableCell-root MuiTableCell-head TableCell-head"
            scope="col"
          >
            Head test
          </th>
        </tr>
      </thead>
    </table>
  </div>
</div>
`;
