// Jest Snapshot v1, https://goo.gl/fbAQLP

exports[`Accordion renders collapsed by default 1`] = `
<div>
  <div
    class="Picasso-root"
  >
    <div
      class="MuiPaper-root MuiAccordion-root PicassoAccordion-root PicassoAccordion-bordersAll MuiAccordion-rounded MuiPaper-elevation0 MuiPaper-rounded"
    >
      <div
        aria-disabled="false"
        aria-expanded="false"
        class="MuiButtonBase-root MuiAccordionSummary-root WithStyles(ForwardRef(AccordionSummary))-root PicassoAccordion-summary"
        role="button"
        tabindex="0"
      >
        <div
          class="MuiAccordionSummary-content WithStyles(ForwardRef(AccordionSummary))-content PicassoAccordion-content"
        >
          <div
            class="PicassoAccordion-summaryWrapper"
            data-testid="accordion-summary"
          >
            What is a dog?
          </div>
          <div
            class="PicassoAccordion-expandIconAlignTop"
          >
            <button
              class="MuiButtonBase-root PicassoButton-small PicassoButtonAction-small PicassoButton-secondary PicassoButton-root PicassoButtonAction-root"
              data-component-type="button"
              tabindex="0"
              type="button"
            >
              <span
                class="PicassoContainer-centerAlignItems PicassoContainer-flex PicassoContainer-inline PicassoButton-content PicassoButtonAction-content"
              >
                <svg
                  class="PicassoSvgArrowDownMinor16-root PicassoButton-icon PicassoButtonAction-icon PicassoAccordion-expandIcon"
                  style="min-width: 16px; min-height: 16px;"
                  viewBox="0 0 16 16"
                >
                  <path
                    d="m11.997 5.29.707.707-4 4-.707.707-.707-.707-4-4 .707-.707 4 4 4-4Z"
                  />
                </svg>
              </span>
            </button>
          </div>
        </div>
      </div>
      <div
        class="MuiCollapse-container MuiCollapse-hidden"
        style="min-height: 0px;"
      >
        <div
          class="MuiCollapse-wrapper"
        >
          <div
            class="MuiCollapse-wrapperInner"
          >
            <div
              role="region"
            >
              <div
                class="MuiAccordionDetails-root PicassoAccordionDetails-root PicassoAccordion-details"
              >
                <div
                  class="PicassoAccordion-detailsWrapper"
                  data-testid="accordion-details"
                >
                  A dog is a type of domesticated animal. Known for its loyalty and faithfulness, it can be found as a welcome guest in many households across the world.
                </div>
              </div>
            </div>
          </div>
        </div>
      </div>
    </div>
  </div>
</div>
`;

exports[`Accordion renders custom icon when passed 1`] = `
<div>
  <div
    class="Picasso-root"
  >
    <div
      class="MuiPaper-root MuiAccordion-root PicassoAccordion-root PicassoAccordion-bordersAll MuiAccordion-rounded MuiPaper-elevation0 MuiPaper-rounded"
    >
      <div
        aria-disabled="false"
        aria-expanded="false"
        class="MuiButtonBase-root MuiAccordionSummary-root WithStyles(ForwardRef(AccordionSummary))-root PicassoAccordion-summary"
        role="button"
        tabindex="0"
      >
        <div
          class="MuiAccordionSummary-content WithStyles(ForwardRef(AccordionSummary))-content PicassoAccordion-content"
        >
          <div
            class="PicassoAccordion-summaryWrapper"
            data-testid="accordion-summary"
          >
            What is a dog?
          </div>
          <span
            class="PicassoAccordion-expandIcon"
            data-testid="custom-expand-icon"
          />
        </div>
      </div>
      <div
        class="MuiCollapse-container MuiCollapse-hidden"
        style="min-height: 0px;"
      >
        <div
          class="MuiCollapse-wrapper"
        >
          <div
            class="MuiCollapse-wrapperInner"
          >
            <div
              role="region"
            >
              <div
                class="MuiAccordionDetails-root PicassoAccordionDetails-root PicassoAccordion-details"
              >
                <div
                  class="PicassoAccordion-detailsWrapper"
                  data-testid="accordion-details"
                >
                  A dog is a type of domesticated animal. Known for its loyalty and faithfulness, it can be found as a welcome guest in many households across the world.
                </div>
              </div>
            </div>
          </div>
        </div>
      </div>
    </div>
  </div>
</div>
`;

exports[`Accordion renders disabled 1`] = `
<div>
  <div
    class="Picasso-root"
  >
    <div
      class="MuiPaper-root MuiAccordion-root PicassoAccordion-root PicassoAccordion-bordersAll Mui-disabled MuiAccordion-rounded MuiPaper-elevation0 MuiPaper-rounded"
    >
      <div
        aria-disabled="true"
        aria-expanded="false"
        class="MuiButtonBase-root MuiAccordionSummary-root WithStyles(ForwardRef(AccordionSummary))-root PicassoAccordion-summary Mui-disabled Mui-disabled"
        role="button"
        tabindex="-1"
      >
        <div
          class="MuiAccordionSummary-content WithStyles(ForwardRef(AccordionSummary))-content PicassoAccordion-content"
        >
          <div
            class="PicassoAccordion-summaryWrapper"
            data-testid="accordion-summary"
          >
            What is a dog?
          </div>
          <div
            class="PicassoAccordion-expandIconAlignTop"
          >
            <button
              class="MuiButtonBase-root PicassoButton-small PicassoButtonAction-small PicassoButton-secondary PicassoButton-root PicassoButtonAction-root"
              data-component-type="button"
              tabindex="0"
              type="button"
            >
              <span
                class="PicassoContainer-centerAlignItems PicassoContainer-flex PicassoContainer-inline PicassoButton-content PicassoButtonAction-content"
              >
                <svg
                  class="PicassoSvgArrowDownMinor16-root PicassoButton-icon PicassoButtonAction-icon PicassoAccordion-expandIcon"
                  style="min-width: 16px; min-height: 16px;"
                  viewBox="0 0 16 16"
                >
                  <path
                    d="m11.997 5.29.707.707-4 4-.707.707-.707-.707-4-4 .707-.707 4 4 4-4Z"
                  />
                </svg>
              </span>
            </button>
          </div>
        </div>
      </div>
      <div
        class="MuiCollapse-container MuiCollapse-hidden"
        style="min-height: 0px;"
      >
        <div
          class="MuiCollapse-wrapper"
        >
          <div
            class="MuiCollapse-wrapperInner"
          >
            <div
              role="region"
            >
              <div
                class="MuiAccordionDetails-root PicassoAccordionDetails-root PicassoAccordion-details"
              >
                <div
                  class="PicassoAccordion-detailsWrapper"
                  data-testid="accordion-details"
                >
                  A dog is a type of domesticated animal. Known for its loyalty and faithfulness, it can be found as a welcome guest in many households across the world.
                </div>
              </div>
            </div>
          </div>
        </div>
      </div>
    </div>
  </div>
</div>
`;
