// Jest Snapshot v1, https://goo.gl/fbAQLP

exports[`Dropzone renders 1`] = `
<div>
  <div
    class="Picasso-root"
  >
    <div
      class=""
    >
      <div
        class="PicassoContainer-centerAlignItems PicassoContainer-flex PicassoContainer-column Dropzone-root"
        role="presentation"
        tabindex="0"
      >
        <input
          multiple=""
          style="display: none;"
          tabindex="-1"
          type="file"
        />
        <svg
          class="PicassoSvgUpload24-root PicassoSvgUpload24-darkGrey"
          style="min-width: 24px; min-height: 24px;"
          viewBox="0 0 24 24"
        >
          <path
            d="M2 18v3h19v-3h1v4H1v-4h1Zm9.5-16.207L16.207 6.5l-.707.707-3.501-3.501V19H11l-.001-15.294L7.5 7.207 6.793 6.5 11.5 1.793Z"
          />
        </svg>
        <p
          class="MuiTypography-root PicassoTypography-bodyMedium PicassoTypography-black PicassoTypography-semibold MuiTypography-body1"
        >
          Click or drag to upload
        </p>
      </div>
    </div>
  </div>
</div>
`;
