// Jest Snapshot v1, https://goo.gl/fbAQLP

exports[`Paper default render 1`] = `
<div>
  <div
    class="Picasso-root"
  >
    <div
      class="MuiPaper-root MuiPaper-elevation1"
    >
      <p
        class="MuiTypography-root Typography-body Typography-regular MuiTypography-body1"
      >
        This is Paper
      </p>
    </div>
  </div>
</div>
`;
