// Jest Snapshot v1, https://goo.gl/fbAQLP

exports[`AccountSelect renders 1`] = `
<div>
  <div
    class="Picasso-root"
  >
    <ul
      class="relative list-none outline-none shadow-1 m-0 rounded-sm p-0"
      role="menu"
      tabindex="-1"
    >
      <li
        aria-disabled="false"
        class="text-black bg-transparent hover:bg-blue focus:bg-blue p-0 min-w w-auto min-h sm:min-h md:min-h relative cursor-pointer transition-colors duration-150 ease-in overflow-hidden whitespace-normal text-left no-underline flex items-center justify-start outline-none appearance-none leading-4 h-auto [&+&]:border-t border-0 border-solid border-gray"
        role="menuitem"
        tabindex="0"
      >
        <div
          class="flex flex-1 max-w"
        >
          <div
            class="flex flex-col flex-1 min-w"
          >
            <div
              class="flex items-center"
            >
              <a
                class="m-0 font-inherit font-inherit focus:outline-none hover:underline leading-[inherit] text-blue visited:text-purple no-underline !no-underline flex-1"
              >
                <div
                  class="p-6 items-center justify-between flex"
                >
                  <div
                    class="items-start flex text-[1rem]"
                  >
                    <div
                      class="flex relative"
                    >
                      <div
                        class="relative bg-gray text-[1rem] shrink-0 grow-0 w-[2.5em] h-[2.5em] [clip-path:polygon(0_0,_100%_0,_100%_100%,_0.5em_100%,_0_calc(100%-0.5em))]"
                      >
                        <div
                          class="uppercase absolute top-1/2 left-1/2 [transform:translate(-50%,-50%)] text-[1em]"
                        >
                          <p
                            class="m-0 text-white font-regular text-[1em] leading-[1.5em]"
                          >
                            PL
                          </p>
                        </div>
                      </div>
                    </div>
                    <div
                      class="flex flex-col min-w ml-[0.75em]"
                    >
                      <div
                        class="items-center flex"
                      >
                        <h4
                          class="m-0 text-md text-black font-semibold inline"
                        >
                          Phil Leif 1
                        </h4>
                      </div>
                      <p
                        class="m-0 text-xxs text-graphite font-regular"
                      >
                        Account Owner at Stowaway Cosmetics
                      </p>
                    </div>
                  </div>
                  <svg
                    class="PicassoSvgChevronRight16-root PicassoSvgChevronRight16-darkGrey"
                    style="min-width: 16px; min-height: 16px;"
                    viewBox="0 0 16 16"
                  >
                    <path
                      d="m10.5 6.793.707.707L6.5 12.207l-.707-.707 4-4-4-4 .707-.707 4 4Z"
                    />
                  </svg>
                </div>
              </a>
            </div>
          </div>
        </div>
      </li>
      <li
        aria-disabled="false"
        class="text-black bg-transparent hover:bg-blue focus:bg-blue p-0 min-w w-auto min-h sm:min-h md:min-h relative cursor-pointer transition-colors duration-150 ease-in overflow-hidden whitespace-normal text-left no-underline flex items-center justify-start outline-none appearance-none leading-4 h-auto [&+&]:border-t border-0 border-solid border-gray"
        role="menuitem"
        tabindex="-1"
      >
        <div
          class="flex flex-1 max-w"
        >
          <div
            class="flex flex-col flex-1 min-w"
          >
            <div
              class="flex items-center"
            >
              <a
                class="m-0 font-inherit font-inherit focus:outline-none hover:underline leading-[inherit] text-blue visited:text-purple no-underline !no-underline flex-1"
                href="#"
              >
                <div
                  class="p-6 items-center justify-between flex"
                >
                  <div
                    class="items-start flex text-[1rem]"
                  >
                    <div
                      class="flex relative"
                    >
                      <div
                        class="relative bg-gray text-[1rem] shrink-0 grow-0 w-[2.5em] h-[2.5em] [clip-path:polygon(0_0,_100%_0,_100%_100%,_0.5em_100%,_0_calc(100%-0.5em))]"
                      >
                        <div
                          class="uppercase absolute top-1/2 left-1/2 [transform:translate(-50%,-50%)] text-[1em]"
                        >
                          <p
                            class="m-0 text-white font-regular text-[1em] leading-[1.5em]"
                          >
                            PL
                          </p>
                        </div>
                      </div>
                    </div>
                    <div
                      class="flex flex-col min-w ml-[0.75em]"
                    >
                      <div
                        class="items-center flex"
                      >
                        <h4
                          class="m-0 text-md text-black font-semibold inline"
                        >
                          Phil Leif 2
                        </h4>
                      </div>
                      <p
                        class="m-0 text-xxs text-graphite font-regular"
                      >
                        Company Representative at Marketing Works
                      </p>
                    </div>
                  </div>
                  <svg
                    class="PicassoSvgChevronRight16-root PicassoSvgChevronRight16-darkGrey"
                    style="min-width: 16px; min-height: 16px;"
                    viewBox="0 0 16 16"
                  >
                    <path
                      d="m10.5 6.793.707.707L6.5 12.207l-.707-.707 4-4-4-4 .707-.707 4 4Z"
                    />
                  </svg>
                </div>
              </a>
            </div>
          </div>
        </div>
      </li>
      <li
        aria-disabled="false"
        class="text-black bg-transparent hover:bg-blue focus:bg-blue p-0 min-w w-auto min-h sm:min-h md:min-h relative cursor-pointer transition-colors duration-150 ease-in overflow-hidden whitespace-normal text-left no-underline flex items-center justify-start outline-none appearance-none leading-4 h-auto [&+&]:border-t border-0 border-solid border-gray"
        role="menuitem"
        tabindex="-1"
      >
        <div
          class="flex flex-1 max-w"
        >
          <div
            class="flex flex-col flex-1 min-w"
          >
            <div
              class="flex items-center"
            >
              <a
                class="m-0 font-inherit font-inherit focus:outline-none hover:underline leading-[inherit] text-blue visited:text-purple no-underline !no-underline flex-1"
                href="#"
              >
                <div
                  class="p-6 items-center justify-between flex"
                >
                  <div
                    class="items-start flex text-[1rem]"
                  >
                    <div
                      class="flex relative"
                    >
                      <div
                        class="relative bg-gray text-[1rem] shrink-0 grow-0 w-[2.5em] h-[2.5em] [clip-path:polygon(0_0,_100%_0,_100%_100%,_0.5em_100%,_0_calc(100%-0.5em))]"
                      >
                        <img
                          alt="Phil Leif 3"
                          class="block object-cover w-full h-full absolute left-0 top-0 [image-rendering:-webkit-optimize"
                          src="./jacqueline-with-flowers-1954-square.jpg"
                        />
                      </div>
                    </div>
                    <div
                      class="flex flex-col min-w ml-[0.75em]"
                    >
                      <div
                        class="items-center flex"
                      >
                        <h4
                          class="m-0 text-md text-black font-semibold inline"
                        >
                          Phil Leif 3
                        </h4>
                      </div>
                      <p
                        class="m-0 text-xxs text-graphite font-regular"
                      >
                        Talent
                      </p>
                    </div>
                  </div>
                  <svg
                    class="PicassoSvgChevronRight16-root PicassoSvgChevronRight16-darkGrey"
                    style="min-width: 16px; min-height: 16px;"
                    viewBox="0 0 16 16"
                  >
                    <path
                      d="m10.5 6.793.707.707L6.5 12.207l-.707-.707 4-4-4-4 .707-.707 4 4Z"
                    />
                  </svg>
                </div>
              </a>
            </div>
          </div>
        </div>
      </li>
    </ul>
  </div>
</div>
`;
