// Jest Snapshot v1, https://goo.gl/fbAQLP

exports[`ButtonSplit closes menu on click to the item 1`] = `
<svg
  class="PicassoSvgArrowDownMinor24-root-24"
  style="min-width: 24px; min-height: 24px;"
  viewBox="0 0 24 24"
>
  <path
    d="m18.007 8.3.707.707-6 6-.707.707-.707-.707-6-6 .707-.707 6 6 6-6Z"
  />
</svg>
`;

exports[`ButtonSplit default render 1`] = `
<div>
  <div
    class="Picasso-root"
  >
    <div
      class="flex justify-start [&>[data-component-type="button"]:hover]:z [&>[data-component-type="button"]:first-child:not(:last-child)]:rounded-r [&>[data-component-type="button"]:first-child:not(:last-child)]:ml [&>[data-component-type="button"]:not(:first-child):not(:last-child)]:rounded [&>[data-component-type="button"]:not(:first-child):not(:last-child)]:ml-[ [&>[data-component-type="button"]:last-child:not(:first-child)]:rounded-l [&>[data-component-type="button"]:last-child:not(:first-child)]:ml-[ [&_:first-child:not(:last-child)_[data-component-type="button"]]:rounded-r [&_:first-child:not(:last-child)_[data-component-type="button"]]:ml [&_:not(:first-child):not(:last-child)_[data-component-type="button"]]:rounded [&_:not(:first-child):not(:last-child)_[data-component-type="button"]]:ml-[ [&_:last-child:not(:first-child)_[data-component-type="button"]]:rounded-l [&_:last-child:not(:first-child)_[data-component-type="button"]]:ml-["
    >
      <button
        aria-disabled="false"
        class="base-Button text-lg inline-flex items-center justify-center select-none appearance-none m-0 relative normal-case align-middle duration-350 ease-out shrink-0 outline-none [&+&]:ml-4 cursor-pointer no-underline hover:no-underline rounded-sm shadow-none focus-visible:shadow-[0_0_0_3px_rgba(32,78,207,0.48)] focus-within:shadow-[0_0_0_3px_rgba(32,78,207,0.48)] text-white visited:text-white hover:bg-[#4269D6] active:bg-[#1A41AB] bg-blue min-w h-8 py-0 px-4 active:z-[1] hover:z-[1] focus-visible:z-[1] disabled:z-[1] transition-[color,background] border-r border-l border-y border-solid border-blue"
        data-component-type="button"
        role="button"
        tabindex="0"
        type="button"
      >
        <span
          class="items-center inline-flex font-semibold whitespace-nowrap text-button"
        >
          Action
        </span>
      </button>
      <div
        class="items-center block cursor-pointer"
      >
        <div
          class="inline-flex items-center cursor-pointer"
        >
          <button
            aria-disabled="false"
            class="base-Button text-lg inline-flex items-center justify-center select-none appearance-none m-0 relative normal-case align-middle duration-350 ease-out shrink-0 outline-none [&+&]:ml-4 cursor-pointer no-underline hover:no-underline rounded-sm shadow-none focus-visible:shadow-[0_0_0_3px_rgba(32,78,207,0.48)] focus-within:shadow-[0_0_0_3px_rgba(32,78,207,0.48)] text-white visited:text-white hover:bg-[#4269D6] active:bg-[#1A41AB] bg-blue h-8 py-0 transition-[color,background] active:z-[1] hover:z-[1] focus-visible:z-[1] disabled:z-[1] min-w px-[0.5em] border-l border-r border-y border-solid border-blue"
            data-component-type="button"
            role="button"
            tabindex="0"
            type="button"
          >
            <span
              class="items-center inline-flex font-semibold whitespace-nowrap text-button"
            >
              <svg
                class="PicassoSvgArrowDownMinor16-root"
                style="min-width: 16px; min-height: 16px;"
                viewBox="0 0 16 16"
              >
                <path
                  d="m11.997 5.29.707.707-4 4-.707.707-.707-.707-4-4 .707-.707 4 4 4-4Z"
                />
              </svg>
            </span>
          </button>
        </div>
      </div>
    </div>
  </div>
</div>
`;

exports[`ButtonSplit renders arrow down icon for a closed menu 1`] = `
<svg
  class="PicassoSvgArrowDownMinor16-root-24"
  style="min-width: 16px; min-height: 16px;"
  viewBox="0 0 16 16"
>
  <path
    d="m11.997 5.29.707.707-4 4-.707.707-.707-.707-4-4 .707-.707 4 4 4-4Z"
  />
</svg>
`;

exports[`ButtonSplit renders arrow up icon for an opened menu 1`] = `
<svg
  class="PicassoSvgArrowDownMinor16-root-24 rotate-180"
  style="min-width: 16px; min-height: 16px;"
  viewBox="0 0 16 16"
>
  <path
    d="m11.997 5.29.707.707-4 4-.707.707-.707-.707-4-4 .707-.707 4 4 4-4Z"
  />
</svg>
`;
