// Jest Snapshot v1, https://goo.gl/fbAQLP

exports[`Menu renders 1`] = `
<div>
  <div
    class="Picasso-root"
  >
    <ul
      class="MuiList-root PicassoMenu-root"
      role="menu"
      tabindex="-1"
    >
      <li
        aria-disabled="false"
        class="MuiButtonBase-root MuiListItem-root MuiMenuItem-root PicassoMenuItem-root PicassoMenuItem-light MuiMenuItem-gutters PicassoMenuItem-gutters MuiListItem-gutters MuiListItem-button"
        role="menuitem"
        tabindex="0"
      >
        <div
          class="PicassoContainer-flex PicassoMenuItem-itemWrapper"
        >
          <div
            class="PicassoContainer-flex PicassoContainer-column PicassoMenuItem-content"
          >
            <div
              class="PicassoContainer-centerAlignItems PicassoContainer-flex"
            >
              <span
                class="PicassoMenuItem-stringContent"
              >
                1
              </span>
            </div>
          </div>
        </div>
      </li>
      <li
        aria-disabled="false"
        class="MuiButtonBase-root MuiListItem-root MuiMenuItem-root PicassoMenuItem-root PicassoMenuItem-light MuiMenuItem-gutters PicassoMenuItem-gutters MuiListItem-gutters MuiListItem-button"
        role="menuitem"
        tabindex="-1"
      >
        <div
          class="PicassoContainer-flex PicassoMenuItem-itemWrapper"
        >
          <div
            class="PicassoContainer-flex PicassoContainer-column PicassoMenuItem-content"
          >
            <div
              class="PicassoContainer-centerAlignItems PicassoContainer-flex"
            >
              <span
                class="PicassoMenuItem-stringContent"
              >
                2
              </span>
            </div>
          </div>
        </div>
      </li>
    </ul>
  </div>
</div>
`;
