// Jest Snapshot v1, https://goo.gl/fbAQLP

exports[`TimePicker renders 1`] = `
<div>
  <div
    class="Picasso-root"
  >
    <div
      class="base-Input base-Input base-Input relative inline-flex gap-y gap-x items-center rounded-sm [font-size:_unset] hover:[&_.resetButtonDirty]:visible p-2 h-8 w-[18.75rem] bg-white after:content-[""] after:inline-block after:absolute after:top-0 after:bottom-0 after:right-0 after:left-0 after:pointer-events after:border-solid after:rounded-sm after:border-gray [&:has(:focus)]:after:border-blue after:border [&:has(:focus)]:after:shadow-[0_0_0_3px] [&:has(:focus)]:after:shadow-blue hover:[&:not(:has(:focus))]:after:border-gray text-black cursor-default"
    >
      <input
        aria-invalid="false"
        autocomplete="none"
        class="base-Input bg-transparent border-none box-border cursor-[inherit] h-full outline-none p-0 peer resize-none w-full text-md leading-4 text-black [&::placeholder]:text-gray [&::placeholder]:opacity-100 -mr [&::-webkit-calendar-picker [&::-webkit-calendar-picker-indicator]:right [&::-webkit-calendar-picker-indicator]:cursor [&::-webkit-calendar-picker-indicator]:bg"
        step="60"
        type="time"
        value="21:00"
      />
      <div
        class="text-graphite h-auto flex items-center whitespace-nowrap max-h justify-end ml-auto flex-grow flex-shrink basis-auto pointer-events"
      >
        <svg
          class="PicassoSvgTime16-root bg-white absolute right-[0.625rem] pointer-events m-0 select-none grow shrink basis-0"
          style="min-width: 16px; min-height: 16px;"
          viewBox="0 0 16 16"
        >
          <path
            d="M7.5 15a7.5 7.5 0 1 1 0-15 7.5 7.5 0 0 1 0 15Zm0-1a6.5 6.5 0 1 0 0-13 6.5 6.5 0 0 0 0 13ZM7 8H4V7h3V2h1v6H7Z"
          />
        </svg>
      </div>
    </div>
  </div>
</div>
`;
