// Jest Snapshot v1, https://goo.gl/fbAQLP

exports[`YearSelect render in descending order 1`] = `
<ul
  class="relative list-none outline-none shadow-2 py-2 px-0 m-0 rounded-sm PicassoScrollMenu-menu PicassoSelectOptions-menu"
  role="listbox"
  tabindex="-1"
>
  <div
    tabindex="0"
  >
    <div
      class="PicassoScrollMenu-scrollView"
    >
      <li
        aria-disabled="false"
        aria-selected="false"
        class="text-black bg-blue hover:bg-blue focus:bg-blue px-4 py-[0.375rem] min-w w-auto min-h md:min-h relative cursor-pointer transition-colors duration-150 ease-in overflow-hidden whitespace-normal text-left no-underline flex items-center justify-start outline-none appearance-none"
        data-highlighted="true"
        role="option"
        tabindex="-1"
        value="2005"
      >
        <div
          class="flex flex-1 max-w"
        >
          <div
            class="flex flex-col flex-1 min-w"
          >
            <div
              class="flex items-center"
            >
              <div
                class="w-4 inline-flex mr-2"
              />
              <span
                class="flex-1 text-md leading-5"
              >
                2005
              </span>
            </div>
          </div>
        </div>
      </li>
      <li
        aria-disabled="false"
        aria-selected="false"
        class="text-black bg-[transparent] hover:bg-blue focus:bg-blue px-4 py-[0.375rem] min-w w-auto min-h md:min-h relative cursor-pointer transition-colors duration-150 ease-in overflow-hidden whitespace-normal text-left no-underline flex items-center justify-start outline-none appearance-none"
        data-highlighted="false"
        role="option"
        tabindex="-1"
        value="2004"
      >
        <div
          class="flex flex-1 max-w"
        >
          <div
            class="flex flex-col flex-1 min-w"
          >
            <div
              class="flex items-center"
            >
              <div
                class="w-4 inline-flex mr-2"
              />
              <span
                class="flex-1 text-md leading-5"
              >
                2004
              </span>
            </div>
          </div>
        </div>
      </li>
      <li
        aria-disabled="false"
        aria-selected="false"
        class="text-black bg-[transparent] hover:bg-blue focus:bg-blue px-4 py-[0.375rem] min-w w-auto min-h md:min-h relative cursor-pointer transition-colors duration-150 ease-in overflow-hidden whitespace-normal text-left no-underline flex items-center justify-start outline-none appearance-none"
        data-highlighted="false"
        role="option"
        tabindex="-1"
        value="2003"
      >
        <div
          class="flex flex-1 max-w"
        >
          <div
            class="flex flex-col flex-1 min-w"
          >
            <div
              class="flex items-center"
            >
              <div
                class="w-4 inline-flex mr-2"
              />
              <span
                class="flex-1 text-md leading-5"
              >
                2003
              </span>
            </div>
          </div>
        </div>
      </li>
      <li
        aria-disabled="false"
        aria-selected="false"
        class="text-black bg-[transparent] hover:bg-blue focus:bg-blue px-4 py-[0.375rem] min-w w-auto min-h md:min-h relative cursor-pointer transition-colors duration-150 ease-in overflow-hidden whitespace-normal text-left no-underline flex items-center justify-start outline-none appearance-none"
        data-highlighted="false"
        role="option"
        tabindex="-1"
        value="2002"
      >
        <div
          class="flex flex-1 max-w"
        >
          <div
            class="flex flex-col flex-1 min-w"
          >
            <div
              class="flex items-center"
            >
              <div
                class="w-4 inline-flex mr-2"
              />
              <span
                class="flex-1 text-md leading-5"
              >
                2002
              </span>
            </div>
          </div>
        </div>
      </li>
      <li
        aria-disabled="false"
        aria-selected="false"
        class="text-black bg-[transparent] hover:bg-blue focus:bg-blue px-4 py-[0.375rem] min-w w-auto min-h md:min-h relative cursor-pointer transition-colors duration-150 ease-in overflow-hidden whitespace-normal text-left no-underline flex items-center justify-start outline-none appearance-none"
        data-highlighted="false"
        role="option"
        tabindex="-1"
        value="2001"
      >
        <div
          class="flex flex-1 max-w"
        >
          <div
            class="flex flex-col flex-1 min-w"
          >
            <div
              class="flex items-center"
            >
              <div
                class="w-4 inline-flex mr-2"
              />
              <span
                class="flex-1 text-md leading-5"
              >
                2001
              </span>
            </div>
          </div>
        </div>
      </li>
    </div>
  </div>
</ul>
`;

exports[`YearSelect renders 1`] = `
<div>
  <div
    class="Picasso-root"
  >
    <div
      class="makeStyles-root makeStyles-rootFull"
    >
      <div
        class="makeStyles-inputWrapper"
      >
        <div
          class="MuiInputBase-root MuiOutlinedInput-root PicassoOutlinedInput-root PicassoOutlinedInput-rootFull PicassoOutlinedInput-rootMedium makeStyles-outlinedInput MuiInputBase-fullWidth"
          role="textbox"
        >
          <input
            aria-invalid="false"
            autocomplete="off"
            class="MuiInputBase-input MuiOutlinedInput-input PicassoOutlinedInput-input PicassoOutlinedInput-inputMedium"
            readonly=""
            size="1"
            type="text"
            value=""
          />
          <fieldset
            aria-hidden="true"
            class="PrivateNotchedOutline-root MuiOutlinedInput-notchedOutline PicassoOutlinedInput-notchedOutline"
            style="padding-left: 8px;"
          >
            <legend
              class="PrivateNotchedOutline-legend"
              style="width: 0.01px;"
            >
              <span>
                â€‹
              </span>
            </legend>
          </fieldset>
        </div>
        <svg
          class="PicassoSvgDropdownArrows16-root makeStyles-caret"
          style="min-width: 16px; min-height: 16px;"
          viewBox="0 0 16 16"
        >
          <path
            d="m10.997 10.29.707.707-3.707 3.707-3.707-3.707.707-.707 3 3 3-3Zm-3-9 3.707 3.707-.707.707-3-3-3 3-.707-.707 3-3 .707-.707Z"
          />
        </svg>
      </div>
    </div>
  </div>
</div>
`;
