// Jest Snapshot v1, https://goo.gl/fbAQLP

exports[`disabled button renders disabled version 1`] = `
<div>
  <div
    class="Picasso-root"
  >
    <button
      class="MuiButtonBase-root Button-root MuiButtonBase-disabled"
      disabled=""
      tabindex="-1"
      type="button"
    >
      <div
        class=""
        style="margin: 0em 0em 0em 0em; display: inline-flex; flex-direction: row; align-items: center;"
      >
        Click me!
      </div>
    </button>
  </div>
</div>
`;
