// Jest Snapshot v1, https://goo.gl/fbAQLP

exports[`disabled button renders disabled version 1`] = `
<div>
  <div
    class="Picasso-root"
  >
    <button
      class="MuiButtonBase-root Component-root MuiButtonBase-disabled"
      disabled=""
      tabindex="-1"
      type="button"
    >
      <div
        class="Component-children"
      >
        Click me!
      </div>
    </button>
  </div>
</div>
`;
