// Jest Snapshot v1, https://goo.gl/fbAQLP

exports[`FileList renders 1`] = `
<div>
  <div
    class="Picasso-root"
  >
    <div
      class="PicassoContainer-flex PicassoContainer-column FileList-root"
    >
      <div
        class="PicassoContainer-centerAlignItems PicassoContainer-spaceBetweenJustifyContent PicassoContainer-flex FileListItem-root"
      >
        <div
          class="PicassoContainer-flex PicassoContainer-column FileListItem-fileNodeContent"
        >
          <div
            class="PicassoContainer-flex"
          >
            <div
              class="PicassoContainer-rightxsmallMargin"
            >
              <svg
                class="PicassoSvgAttachment16-root PicassoSvgAttachment16-darkGrey"
                fill="none"
                style="min-width: 16px; min-height: 16px;"
                viewBox="0 0 16 16"
              >
                <path
                  d="M8.296 5.333a1.676 1.676 0 0 1 2.456 2.279l-.085.092-3.26 3.259-.592-.593 3.26-3.259a.838.838 0 0 0-1.113-1.25l-.073.065-4.445 4.444a2.095 2.095 0 0 0 2.863 3.058l.1-.095 5.037-5.037a3.352 3.352 0 0 0-4.62-4.856l-.12.116-3.852 3.851-.593-.592 3.852-3.852a4.19 4.19 0 0 1 6.052 5.795l-.126.13L8 13.927a2.933 2.933 0 0 1-4.259-4.031l.11-.117 4.445-4.445Z"
                />
              </svg>
            </div>
            <p
              class="m-0 text-md text-black font-regular whitespace-nowrap overflow-ellipsis overflow-hidden TypographyOverflow-wrapper !block !whitespace-nowrap FileListItem-label"
            >
              user-profile-picture.png
            </p>
          </div>
          <p
            class="m-0 text-xxs text-red font-regular leading-4"
          />
        </div>
      </div>
    </div>
  </div>
</div>
`;
