// Jest Snapshot v1, https://goo.gl/fbAQLP

exports[`PageTopBarMenu renders 1`] = `
<div>
  <div
    class="Picasso-root"
  >
    <div
      class="PicassoDropdown-root"
    >
      <div
        class="PicassoDropdown-anchor"
      >
        <div
          class="PicassoContainer-centerAlignItems PicassoContainer-flex PicassoUserBadge-root"
        >
          <div
            class="PicassoAvatarWrapper-root PicassoAvatarWrapper-sizeXxsmallSquare PicassoAvatarWrapper-cornerXxsmall"
          >
            <img
              alt="Jacqueline Roque"
              class="PicassoImage-root PicassoImageAvatar-image PicassoUserBadge-avatar"
              src="./jacqueline-with-flowers-1954-square.jpg"
            />
          </div>
          <div
            class="PicassoContainer-flex PicassoContainer-column PicassoUserBadge-infoContainer"
          >
            <div
              class="PicassoContainer-centerAlignItems PicassoContainer-flex"
            >
              <h4
                class="MuiTypography-root PicassoTypography-invert PicassoUserBadge-name PicassoTopBarMenu-name PicassoTopBarMenu-truncateText MuiTypography-h4 MuiTypography-displayInline"
              >
                Jacqueline Roque
              </h4>
            </div>
          </div>
        </div>
        <span
          class="PicassoDropdownArrow-root PicassoTopBarMenu-arrow PicassoDropdownArrow-medium"
        />
      </div>
    </div>
  </div>
</div>
`;
