// Jest Snapshot v1, https://goo.gl/fbAQLP

exports[`NumberInput renders 1`] = `
<div
  class="Picasso-root"
>
  <div
    class="MuiInputBase-root MuiOutlinedInput-root PicassoOutlinedInput-root PicassoNumberInput-root PicassoOutlinedInput-rootAuto PicassoOutlinedInput-rootMedium MuiInputBase-adornedEnd MuiOutlinedInput-adornedEnd"
  >
    <input
      class="MuiInputBase-input MuiOutlinedInput-input PicassoOutlinedInput-input PicassoNumberInput-input PicassoOutlinedInput-inputMedium MuiInputBase-inputAdornedEnd MuiOutlinedInput-inputAdornedEnd"
      max="100"
      min="-100"
      step="5"
      type="number"
      value="10"
    />
    <div
      class="MuiInputAdornment-root PicassoInputAdornment-root MuiInputAdornment-positionEnd"
    >
      <div
        class="PicassoContainer-flex PicassoContainer-inline PicassoContainer-column"
      >
        <button
          class="MuiButtonBase-root PicassoNumberInput-control PicassoNumberInput-medium"
          tabindex="0"
          type="button"
        >
          <svg
            class="PicassoSvgArrowUpMinor16-root"
            style="min-width: 16px; min-height: 16px;"
            viewBox="0 0 16 16"
          >
            <path
              d="M7.997 5.29l4.707 4.707-.707.707-4-4-4 4-.707-.707 4-4 .707-.707z"
            />
          </svg>
        </button>
        <button
          class="MuiButtonBase-root PicassoNumberInput-control PicassoNumberInput-medium"
          tabindex="0"
          type="button"
        >
          <svg
            class="PicassoSvgArrowDownMinor16-root"
            style="min-width: 16px; min-height: 16px;"
            viewBox="0 0 16 16"
          >
            <path
              d="M11.997 5.29l.707.707-4 4-.707.707-.707-.707-4-4 .707-.707 4 4 4-4z"
            />
          </svg>
        </button>
      </div>
    </div>
    <fieldset
      aria-hidden="true"
      class="PrivateNotchedOutline-root MuiOutlinedInput-notchedOutline PicassoOutlinedInput-notchedOutline"
      style="padding-left: 8px;"
    >
      <legend
        class="PrivateNotchedOutline-legend"
        style="width: 0.01px;"
      >
        <span>
          â€‹
        </span>
      </legend>
    </fieldset>
  </div>
</div>
`;
