// Jest Snapshot v1, https://goo.gl/fbAQLP

exports[`TimePicker renders 1`] = `
<div>
  <div
    class="Picasso-root"
  >
    <div
      class="MuiInputBase-root MuiOutlinedInput-root PicassoOutlinedInput-root PicassoInput-root PicassoOutlinedInput-rootAuto PicassoOutlinedInput-rootMedium PicassoTimePicker-root MuiInputBase-adornedStart MuiOutlinedInput-adornedStart MuiInputBase-adornedEnd MuiOutlinedInput-adornedEnd"
    >
      <input
        aria-invalid="false"
        autocomplete="none"
        class="MuiInputBase-input MuiOutlinedInput-input PicassoOutlinedInput-input PicassoOutlinedInput-inputMedium PicassoTimePicker-inputBase MuiInputBase-inputAdornedStart MuiOutlinedInput-inputAdornedStart MuiInputBase-inputAdornedEnd MuiOutlinedInput-inputAdornedEnd"
        step="60"
        type="time"
        value="21:00"
      />
      <div
        class="MuiInputAdornment-root PicassoInputAdornment-root MuiInputAdornment-disablePointerEvents MuiInputAdornment-positionEnd"
      >
        <svg
          class="PicassoSvgTime16-root PicassoTimePicker-icon PicassoInputIconAdornment-icon"
          style="min-width: 16px; min-height: 16px;"
          viewBox="0 0 16 16"
        >
          <path
            d="M7.5 15a7.5 7.5 0 1 1 0-15 7.5 7.5 0 0 1 0 15Zm0-1a6.5 6.5 0 1 0 0-13 6.5 6.5 0 0 0 0 13ZM7 8H4V7h3V2h1v6H7Z"
          />
        </svg>
      </div>
      <fieldset
        aria-hidden="true"
        class="PrivateNotchedOutline-root MuiOutlinedInput-notchedOutline PicassoOutlinedInput-notchedOutline"
        style="padding-left: 8px;"
      >
        <legend
          class="PrivateNotchedOutline-legend"
          style="width: 0.01px;"
        >
          <span>
            â€‹
          </span>
        </legend>
      </fieldset>
    </div>
  </div>
</div>
`;
