// Jest Snapshot v1, https://goo.gl/fbAQLP

exports[`Favicon renders 1`] = `
NodeList [
  <link
    data-rh="true"
    href="test-file-stub"
    rel="apple-touch-icon"
    sizes="180x180"
  />,
  <link
    data-rh="true"
    href="test-file-stub"
    rel="icon"
    sizes="32x32"
    type="image/png"
  />,
  <link
    data-rh="true"
    href="test-file-stub"
    rel="icon"
    sizes="16x16"
    type="image/png"
  />,
]
`;

exports[`Favicon renders with environment specified 1`] = `
NodeList [
  <link
    data-rh="true"
    href="test-file-stub"
    rel="apple-touch-icon"
    sizes="180x180"
  />,
  <link
    data-rh="true"
    href="test-file-stub"
    rel="icon"
    sizes="32x32"
    type="image/png"
  />,
  <link
    data-rh="true"
    href="test-file-stub"
    rel="icon"
    sizes="16x16"
    type="image/png"
  />,
]
`;
