// Jest Snapshot v1, https://goo.gl/fbAQLP

exports[`FormError renders 1`] = `
<div>
  <div
    class="Picasso-root"
  >
    <form
      class=""
    >
      <div
        class="PicassoFormField-root"
        data-field-has-error="false"
      >
        <label
          class="PicassoFormLabel-root"
        >
          <span
            class="PicassoFormLabel-medium"
          >
            Label:
          </span>
        </label>
        <div
          class="base-Input base-Input base-Input relative inline-flex gap-y gap-x items-center rounded-sm [font-size:_unset] hover:[&_.resetButtonDirty]:visible p-2 h-8 w-[18.75rem] bg-white after:content-[""] after:inline-block after:absolute after:top-0 after:bottom-0 after:right-0 after:left-0 after:pointer-events after:border-solid after:rounded-sm after:border-gray [&:has(input:focus)]:after:border-blue after:border [&:has(input:focus)]:after:shadow-[0_0_0_3px] [&:has(input:focus)]:after:shadow-blue hover:[&:not(:has(input:focus))]:after:border-gray text-black cursor-[inherit]"
        >
          <input
            aria-invalid="false"
            autocomplete="none"
            class="base-Input [&::-webkit-calendar-picker-indicator]:bg bg-transparent border-none box-border cursor-[inherit] h-full outline-none p-0 peer resize-none w-full text-md leading-4 text-black [&::placeholder]:text-gray [&::placeholder]:opacity-100"
            type="text"
            value=""
          />
        </div>
        <div
          class="PicassoFormError-root"
        >
          <p
            class="m-0 text-2xs text-red font-regular cursor-default"
          >
            My Error
          </p>
        </div>
        <div
          class="FormHint-root"
        >
          <p
            class="m-0 text-2xs text-graphite font-regular"
          >
            This is a hint
          </p>
        </div>
      </div>
    </form>
  </div>
</div>
`;
