// Jest Snapshot v1, https://goo.gl/fbAQLP

exports[`Page renders 1`] = `
<div>
  <div
    class="Picasso-root"
  >
    <div
      class="Page-root"
      style="--header-height: 3.5rem;"
    >
      <div>
        Test
      </div>
    </div>
  </div>
</div>
`;
