// Jest Snapshot v1, https://goo.gl/fbAQLP

exports[`Input renders icon in the beginning 1`] = `
<div>
  <div
    class="Picasso-root"
  >
    <div
      class="MuiInputBase-root MuiOutlinedInput-root PicassoOutlinedInput-root PicassoInput-root PicassoOutlinedInput-rootAuto PicassoOutlinedInput-rootMedium MuiInputBase-adornedStart MuiOutlinedInput-adornedStart MuiInputBase-adornedEnd MuiOutlinedInput-adornedEnd"
    >
      <div
        class="MuiInputAdornment-root PicassoInputAdornment-root MuiInputAdornment-disablePointerEvents MuiInputAdornment-positionStart"
      >
        <svg
          class="PicassoSvgSearch16-root PicassoInputIconAdornment-icon"
          style="min-width: 16px; min-height: 16px;"
          viewBox="0 0 16 16"
        >
          <path
            d="m10.582 9.874 4.625 4.626-.707.707-4.626-4.625a6 6 0 1 1 .707-.707ZM6 11A5 5 0 1 0 6 1a5 5 0 0 0 0 10Z"
          />
        </svg>
      </div>
      <input
        aria-invalid="false"
        autocomplete="none"
        class="MuiInputBase-input MuiOutlinedInput-input PicassoOutlinedInput-input PicassoOutlinedInput-inputMedium MuiInputBase-inputAdornedStart MuiOutlinedInput-inputAdornedStart MuiInputBase-inputAdornedEnd MuiOutlinedInput-inputAdornedEnd"
        type="text"
        value=""
      />
      <fieldset
        aria-hidden="true"
        class="PrivateNotchedOutline-root MuiOutlinedInput-notchedOutline PicassoOutlinedInput-notchedOutline"
        style="padding-left: 8px;"
      >
        <legend
          class="PrivateNotchedOutline-legend"
          style="width: 0.01px;"
        >
          <span>
            ​
          </span>
        </legend>
      </fieldset>
    </div>
  </div>
</div>
`;

exports[`Input renders icon in the end 1`] = `
<div>
  <div
    class="Picasso-root"
  >
    <div
      class="MuiInputBase-root MuiOutlinedInput-root PicassoOutlinedInput-root PicassoInput-root PicassoOutlinedInput-rootAuto PicassoOutlinedInput-rootMedium MuiInputBase-adornedStart MuiOutlinedInput-adornedStart MuiInputBase-adornedEnd MuiOutlinedInput-adornedEnd"
    >
      <div
        class="MuiInputAdornment-root PicassoInputAdornment-root MuiInputAdornment-disablePointerEvents MuiInputAdornment-positionStart"
      >
        <svg
          class="PicassoSvgSearch16-root PicassoInputIconAdornment-icon"
          style="min-width: 16px; min-height: 16px;"
          viewBox="0 0 16 16"
        >
          <path
            d="m10.582 9.874 4.625 4.626-.707.707-4.626-4.625a6 6 0 1 1 .707-.707ZM6 11A5 5 0 1 0 6 1a5 5 0 0 0 0 10Z"
          />
        </svg>
      </div>
      <input
        aria-invalid="false"
        autocomplete="none"
        class="MuiInputBase-input MuiOutlinedInput-input PicassoOutlinedInput-input PicassoOutlinedInput-inputMedium MuiInputBase-inputAdornedStart MuiOutlinedInput-inputAdornedStart MuiInputBase-inputAdornedEnd MuiOutlinedInput-inputAdornedEnd"
        type="text"
        value=""
      />
      <fieldset
        aria-hidden="true"
        class="PrivateNotchedOutline-root MuiOutlinedInput-notchedOutline PicassoOutlinedInput-notchedOutline"
        style="padding-left: 8px;"
      >
        <legend
          class="PrivateNotchedOutline-legend"
          style="width: 0.01px;"
        >
          <span>
            ​
          </span>
        </legend>
      </fieldset>
    </div>
  </div>
</div>
`;

exports[`Input should show manual resize handler 1`] = `
<div>
  <div
    class="Picasso-root"
  >
    <div
      class="MuiInputBase-root MuiOutlinedInput-root PicassoOutlinedInput-root PicassoInput-root PicassoInput-rootMultiline PicassoOutlinedInput-rootAuto PicassoOutlinedInput-rootMedium MuiInputBase-multiline MuiOutlinedInput-multiline MuiInputBase-adornedStart MuiOutlinedInput-adornedStart MuiInputBase-adornedEnd MuiOutlinedInput-adornedEnd"
    >
      <textarea
        aria-invalid="false"
        autocomplete="none"
        class="MuiInputBase-input MuiOutlinedInput-input PicassoOutlinedInput-input PicassoInput-inputMultilineResizable PicassoOutlinedInput-inputMedium MuiInputBase-inputMultiline MuiOutlinedInput-inputMultiline PicassoOutlinedInput-inputMultiline MuiInputBase-inputAdornedStart MuiOutlinedInput-inputAdornedStart MuiInputBase-inputAdornedEnd MuiOutlinedInput-inputAdornedEnd"
        rows="4"
      >
        Some value
      </textarea>
      <fieldset
        aria-hidden="true"
        class="PrivateNotchedOutline-root MuiOutlinedInput-notchedOutline PicassoOutlinedInput-notchedOutline"
        style="padding-left: 8px;"
      >
        <legend
          class="PrivateNotchedOutline-legend"
          style="width: 0.01px;"
        >
          <span>
            ​
          </span>
        </legend>
      </fieldset>
    </div>
  </div>
</div>
`;

exports[`Input should show reset button 1`] = `
<div>
  <div
    class="Picasso-root"
  >
    <div
      class="MuiInputBase-root MuiOutlinedInput-root PicassoOutlinedInput-root PicassoInput-root PicassoOutlinedInput-rootAuto PicassoOutlinedInput-rootMedium MuiInputBase-adornedStart MuiOutlinedInput-adornedStart MuiInputBase-adornedEnd MuiOutlinedInput-adornedEnd"
    >
      <input
        aria-invalid="false"
        autocomplete="none"
        class="MuiInputBase-input MuiOutlinedInput-input PicassoOutlinedInput-input PicassoOutlinedInput-inputMedium MuiInputBase-inputAdornedStart MuiOutlinedInput-inputAdornedStart MuiInputBase-inputAdornedEnd MuiOutlinedInput-inputAdornedEnd"
        type="text"
        value="Some value"
      />
      <div
        class="MuiInputAdornment-root PicassoInputAdornment-root PicassoOutlinedInput-resetButton PicassoOutlinedInput-resetButtonDirty MuiInputAdornment-positionEnd"
        data-testid="reset-adornment"
      >
        <button
          class="MuiButtonBase-root PicassoButton-small PicassoButton-primary PicassoButton-root PicassoButtonCircular-flat PicassoButtonCircular-root"
          data-component-type="button"
          role="reset"
          tabindex="-1"
          type="button"
        >
          <span
            class="PicassoContainer-centerAlignItems PicassoContainer-flex PicassoContainer-inline PicassoButton-content"
          >
            <svg
              class="PicassoSvgCloseMinor16-root PicassoButton-icon"
              style="min-width: 16px; min-height: 16px;"
              viewBox="0 0 16 16"
            >
              <path
                d="m8.707 8 3.5 3.5-.707.707-3.5-3.5-3.5 3.5-.707-.707 3.5-3.5-3.5-3.5.707-.707 3.5 3.5 3.5-3.5.707.707-3.5 3.5Z"
              />
            </svg>
          </span>
        </button>
      </div>
      <fieldset
        aria-hidden="true"
        class="PrivateNotchedOutline-root MuiOutlinedInput-notchedOutline PicassoOutlinedInput-notchedOutline"
        style="padding-left: 8px;"
      >
        <legend
          class="PrivateNotchedOutline-legend"
          style="width: 0.01px;"
        >
          <span>
            ​
          </span>
        </legend>
      </fieldset>
    </div>
  </div>
</div>
`;

exports[`Input shows counter for multiline input 1`] = `
<div>
  <div
    class="Picasso-root"
  >
    <div
      class="MuiInputBase-root MuiOutlinedInput-root PicassoOutlinedInput-root PicassoInput-root PicassoInput-rootMultiline PicassoInput-rootMultilineLimiter PicassoOutlinedInput-rootAuto PicassoOutlinedInput-rootMedium MuiInputBase-multiline MuiOutlinedInput-multiline MuiInputBase-adornedStart MuiOutlinedInput-adornedStart MuiInputBase-adornedEnd MuiOutlinedInput-adornedEnd"
    >
      <textarea
        aria-invalid="false"
        autocomplete="none"
        class="MuiInputBase-input MuiOutlinedInput-input PicassoOutlinedInput-input PicassoOutlinedInput-inputMedium MuiInputBase-inputMultiline MuiOutlinedInput-inputMultiline PicassoOutlinedInput-inputMultiline MuiInputBase-inputAdornedStart MuiOutlinedInput-inputAdornedStart MuiInputBase-inputAdornedEnd MuiOutlinedInput-inputAdornedEnd"
        rows="4"
      />
      <fieldset
        aria-hidden="true"
        class="PrivateNotchedOutline-root MuiOutlinedInput-notchedOutline PicassoOutlinedInput-notchedOutline"
        style="padding-left: 8px;"
      >
        <legend
          class="PrivateNotchedOutline-legend"
          style="width: 0.01px;"
        >
          <span>
            ​
          </span>
        </legend>
      </fieldset>
    </div>
  </div>
</div>
`;

exports[`Input shows counter for regular input 1`] = `
<div>
  <div
    class="Picasso-root"
  >
    <div
      class="MuiInputBase-root MuiOutlinedInput-root PicassoOutlinedInput-root PicassoInput-root PicassoOutlinedInput-rootAuto PicassoOutlinedInput-rootMedium MuiInputBase-adornedStart MuiOutlinedInput-adornedStart MuiInputBase-adornedEnd MuiOutlinedInput-adornedEnd"
    >
      <input
        aria-invalid="false"
        autocomplete="none"
        class="MuiInputBase-input MuiOutlinedInput-input PicassoOutlinedInput-input PicassoOutlinedInput-inputMedium MuiInputBase-inputAdornedStart MuiOutlinedInput-inputAdornedStart MuiInputBase-inputAdornedEnd MuiOutlinedInput-inputAdornedEnd"
        type="text"
        value=""
      />
      <fieldset
        aria-hidden="true"
        class="PrivateNotchedOutline-root MuiOutlinedInput-notchedOutline PicassoOutlinedInput-notchedOutline"
        style="padding-left: 8px;"
      >
        <legend
          class="PrivateNotchedOutline-legend"
          style="width: 0.01px;"
        >
          <span>
            ​
          </span>
        </legend>
      </fieldset>
    </div>
  </div>
</div>
`;

exports[`Input shows excess chars for multiline input with exceeded limit 1`] = `
<div
  class="MuiInputAdornment-root PicassoInputAdornment-root PicassoInputLimitAdornment-limiterMultiline MuiInputAdornment-disablePointerEvents MuiInputAdornment-positionEnd"
  data-testid="limit-adornment-multiline-label"
>
  <span
    class="PicassoInputLimitAdornment-limiterLabel PicassoInputLimitAdornment-limiterLabelError"
  >
    1
     
    over the limit
  </span>
</div>
`;

exports[`Input shows remaining chars for for multiline input with limit 1`] = `
<div
  class="MuiInputAdornment-root PicassoInputAdornment-root PicassoInputLimitAdornment-limiterMultiline MuiInputAdornment-disablePointerEvents MuiInputAdornment-positionEnd"
  data-testid="limit-adornment-multiline-label"
>
  <span
    class="PicassoInputLimitAdornment-limiterLabel PicassoInputLimitAdornment-limiterLabelError"
  >
    0
     
    characters left
  </span>
</div>
`;
