// Jest Snapshot v1, https://goo.gl/fbAQLP

exports[`TableHead renders 1`] = `
<div>
  <div
    class="Picasso-root"
  >
    <table
      class="w-full border-collapse border-spacing"
    >
      <thead
        class="border-0 border-solid border-b border-gray"
      >
        <tr
          class="border-0 border-solid border-b border-gray"
        >
          <th
            class="h-10 py-2 border-none last:pr-6 px-4 text-left"
          >
            <div
              class="m-0 text-xxs text-graphite font-semibold text-align"
            >
              Head test
            </div>
          </th>
        </tr>
      </thead>
    </table>
  </div>
</div>
`;
