// Jest Snapshot v1, https://goo.gl/fbAQLP

exports[`TableCell renders 1`] = `
<div>
  <div
    class="Picasso-root"
  >
    <table
      class="MuiTable-root"
    >
      <tbody
        class="MuiTableBody-root"
      >
        <tr
          class="MuiTableRow-root PicassoTableRow-root PicassoTableRow-bordered"
        >
          <td
            class="MuiTableCell-root PicassoTableCell-root MuiTableCell-body"
          >
            <div
              class="m-0 text-sm text-graphite font-inherit"
            >
              Body test
            </div>
          </td>
        </tr>
      </tbody>
    </table>
  </div>
</div>
`;
