// Jest Snapshot v1, https://goo.gl/fbAQLP

exports[`Helpbox renders 1`] = `
<div>
  <div
    class="Picasso-root"
  >
    <div
      class="PicassoContainer-mediumPadding PicassoContainer-bordered PicassoContainer-rounded PicassoHelpbox-root"
    >
      <div
        class="PicassoContainer-bottomsmallMargin"
      >
        <h4
          class="MuiTypography-root MuiTypography-h4"
        >
          Title
        </h4>
      </div>
      <div
        class="MuiTypography-root PicassoTypography-bodyMedium PicassoTypography-black MuiTypography-body1"
      >
        Test
      </div>
      <div
        class="PicassoContainer-centerAlignItems PicassoContainer-flex PicassoHelpboxActions-root"
      >
        <button
          class="MuiButtonBase-root PicassoButton-medium PicassoButton-primary PicassoButton-root"
          data-component-type="button"
          tabindex="0"
          type="button"
        >
          <span
            class="PicassoContainer-centerAlignItems PicassoContainer-flex PicassoContainer-inline PicassoButton-content"
          >
            Button
          </span>
        </button>
      </div>
    </div>
  </div>
</div>
`;
