// Jest Snapshot v1, https://goo.gl/fbAQLP

exports[`Loader props combo 1`] = `
<div>
  <div
    class="text-lg flex-col items-center inline-flex"
  >
    <div
      class="text-blue animate-[spin_1400ms_linear_infinite]"
      role="progressbar"
      style="width: 64px; height: 64px;"
    >
      <svg
        class="block"
        viewBox="22 22 44 44"
      >
        <circle
          class="animate-[stroke-dash_1.4s_ease-in stroke-[currentColor]"
          cx="44"
          cy="44"
          fill="none"
          r="20.2"
          stroke-dasharray="80px, 200px"
          stroke-dashoffset="0px"
          stroke-width="3.6"
        />
      </svg>
    </div>
    <div
      class="mt-4"
    >
      Testing
    </div>
  </div>
</div>
`;
