// Jest Snapshot v1, https://goo.gl/fbAQLP

exports[`useNotifications error notification render 1`] = `
<div>
  <div
    class="Picasso-root"
  >
    <button
      class="MuiButtonBase-root PicassoButton-medium PicassoButton-primaryBlue PicassoButton-root"
      tabindex="0"
      type="button"
    >
      <span
        class="Container-centerAlignItems Container-flex Container-inline PicassoButton-content"
      >
        Show Error
      </span>
    </button>
    <button
      class="MuiButtonBase-root PicassoButton-medium PicassoButton-primaryBlue PicassoButton-root"
      tabindex="0"
      type="button"
    >
      <span
        class="Container-centerAlignItems Container-flex Container-inline PicassoButton-content"
      >
        Show Info
      </span>
    </button>
    <button
      class="MuiButtonBase-root PicassoButton-medium PicassoButton-primaryBlue PicassoButton-root"
      tabindex="0"
      type="button"
    >
      <span
        class="Container-centerAlignItems Container-flex Container-inline PicassoButton-content"
      >
        Show Success
      </span>
    </button>
    <div
      class="makeStyles-root makeStyles-top makeStyles-right makeStyles-top makeStyles-right"
    >
      <div
        class="MuiCollapse-container SnackbarItem-collapseContainer MuiCollapse-entered"
        style="min-height: 0px;"
      >
        <div
          class="MuiCollapse-wrapper SnackbarItem-collapseWrapper"
        >
          <div
            class="MuiCollapse-wrapperInner"
          >
            <div
              class="MuiSnackbar-root SnackbarItem-root SnackbarItem-wrappedRoot MuiSnackbar-anchorOriginTopRight SnackbarItem-anchorOriginTopRight"
            >
              <div
                class="MuiPaper-root MuiSnackbarContent-root Notification-notificationRed Notification-notificationShadow Notification-notification ForwardRef(Notification)-formNotification MuiPaper-elevation6"
                role="alert"
                style="webkit-transform: none; transform: none; webkit-transition: -webkit-transform 225ms cubic-bezier(0.0, 0, 0.2, 1) 0ms; transition: transform 225ms cubic-bezier(0.0, 0, 0.2, 1) 0ms;"
              >
                <div
                  class="MuiSnackbarContent-message"
                >
                  <div
                    class="Container-centerAlignItems Container-flex Notification-iconWrapper"
                  >
                    <svg
                      class="SvgExclamation16-root SvgExclamation16-red"
                      style="min-width: 16px; min-height: 16px;"
                      viewBox="0 0 16 16"
                    >
                      <path
                        d="M7.5 15a7.5 7.5 0 110-15 7.5 7.5 0 010 15zm0-1a6.5 6.5 0 100-13 6.5 6.5 0 000 13zM7 3h1v6H7V3zm0 8h1v1H7v-1z"
                      />
                    </svg>
                  </div>
                  <div
                    class="MuiTypography-root Typography-bodyMedium Notification-content Notification-contentCloseButton MuiTypography-body1"
                  >
                    Error message
                  </div>
                  <button
                    class="MuiButtonBase-root PicassoButton-circular PicassoButton-medium PicassoButton-primaryBlue PicassoButton-root Notification-close"
                    tabindex="0"
                    title="Close Notification"
                    type="button"
                  >
                    <span
                      class="Container-centerAlignItems Container-flex Container-inline PicassoButton-content"
                    >
                      <svg
                        class="SvgCloseMinor16-root PicassoButton-icon Notification-closeIcon"
                        style="min-width: 16px; min-height: 16px;"
                        viewBox="0 0 16 16"
                      >
                        <path
                          d="M8.707 8l3.5 3.5-.707.707-3.5-3.5-3.5 3.5-.707-.707 3.5-3.5-3.5-3.5.707-.707 3.5 3.5 3.5-3.5.707.707-3.5 3.5z"
                        />
                      </svg>
                    </span>
                  </button>
                </div>
              </div>
            </div>
          </div>
        </div>
      </div>
    </div>
  </div>
</div>
`;

exports[`useNotifications info notification render 1`] = `
<div>
  <div
    class="Picasso-root"
  >
    <button
      class="MuiButtonBase-root PicassoButton-medium PicassoButton-primaryBlue PicassoButton-root"
      tabindex="0"
      type="button"
    >
      <span
        class="Container-centerAlignItems Container-flex Container-inline PicassoButton-content"
      >
        Show Error
      </span>
    </button>
    <button
      class="MuiButtonBase-root PicassoButton-medium PicassoButton-primaryBlue PicassoButton-root"
      tabindex="0"
      type="button"
    >
      <span
        class="Container-centerAlignItems Container-flex Container-inline PicassoButton-content"
      >
        Show Info
      </span>
    </button>
    <button
      class="MuiButtonBase-root PicassoButton-medium PicassoButton-primaryBlue PicassoButton-root"
      tabindex="0"
      type="button"
    >
      <span
        class="Container-centerAlignItems Container-flex Container-inline PicassoButton-content"
      >
        Show Success
      </span>
    </button>
    <div
      class="makeStyles-root makeStyles-top makeStyles-right makeStyles-top makeStyles-right"
    >
      <div
        class="MuiCollapse-container SnackbarItem-collapseContainer MuiCollapse-entered"
        style="min-height: 0px;"
      >
        <div
          class="MuiCollapse-wrapper SnackbarItem-collapseWrapper"
        >
          <div
            class="MuiCollapse-wrapperInner"
          >
            <div
              class="MuiSnackbar-root SnackbarItem-root SnackbarItem-wrappedRoot MuiSnackbar-anchorOriginTopRight SnackbarItem-anchorOriginTopRight"
            >
              <div
                class="MuiPaper-root MuiSnackbarContent-root Notification-notificationWhite Notification-notificationShadow Notification-notification ForwardRef(Notification)-generalNotification MuiPaper-elevation6"
                role="alert"
                style="webkit-transform: none; transform: none; webkit-transition: -webkit-transform 225ms cubic-bezier(0.0, 0, 0.2, 1) 0ms; transition: transform 225ms cubic-bezier(0.0, 0, 0.2, 1) 0ms;"
              >
                <div
                  class="MuiSnackbarContent-message"
                >
                  <div
                    class="Container-centerAlignItems Container-flex Notification-iconWrapper"
                  >
                    <svg
                      class="SvgInfo16-root SvgInfo16-grey"
                      style="min-width: 16px; min-height: 16px;"
                      viewBox="0 0 16 16"
                    >
                      <path
                        d="M7.5 15a7.5 7.5 0 110-15 7.5 7.5 0 010 15zm0-1a6.5 6.5 0 100-13 6.5 6.5 0 000 13zM7 6h1v6H7V6zm0-3h1v1H7V3z"
                      />
                    </svg>
                  </div>
                  <div
                    class="MuiTypography-root Typography-bodyMedium Notification-content Notification-contentCloseButton MuiTypography-body1"
                  >
                    Info message
                  </div>
                  <button
                    class="MuiButtonBase-root PicassoButton-circular PicassoButton-medium PicassoButton-primaryBlue PicassoButton-root Notification-close"
                    tabindex="0"
                    title="Close Notification"
                    type="button"
                  >
                    <span
                      class="Container-centerAlignItems Container-flex Container-inline PicassoButton-content"
                    >
                      <svg
                        class="SvgCloseMinor16-root PicassoButton-icon Notification-closeIcon"
                        style="min-width: 16px; min-height: 16px;"
                        viewBox="0 0 16 16"
                      >
                        <path
                          d="M8.707 8l3.5 3.5-.707.707-3.5-3.5-3.5 3.5-.707-.707 3.5-3.5-3.5-3.5.707-.707 3.5 3.5 3.5-3.5.707.707-3.5 3.5z"
                        />
                      </svg>
                    </span>
                  </button>
                </div>
              </div>
            </div>
          </div>
        </div>
      </div>
    </div>
  </div>
</div>
`;

exports[`useNotifications success notification render 1`] = `
<div>
  <div
    class="Picasso-root"
  >
    <button
      class="MuiButtonBase-root PicassoButton-medium PicassoButton-primaryBlue PicassoButton-root"
      tabindex="0"
      type="button"
    >
      <span
        class="Container-centerAlignItems Container-flex Container-inline PicassoButton-content"
      >
        Show Error
      </span>
    </button>
    <button
      class="MuiButtonBase-root PicassoButton-medium PicassoButton-primaryBlue PicassoButton-root"
      tabindex="0"
      type="button"
    >
      <span
        class="Container-centerAlignItems Container-flex Container-inline PicassoButton-content"
      >
        Show Info
      </span>
    </button>
    <button
      class="MuiButtonBase-root PicassoButton-medium PicassoButton-primaryBlue PicassoButton-root"
      tabindex="0"
      type="button"
    >
      <span
        class="Container-centerAlignItems Container-flex Container-inline PicassoButton-content"
      >
        Show Success
      </span>
    </button>
    <div
      class="makeStyles-root makeStyles-top makeStyles-right makeStyles-top makeStyles-right"
    >
      <div
        class="MuiCollapse-container SnackbarItem-collapseContainer MuiCollapse-entered"
        style="min-height: 0px;"
      >
        <div
          class="MuiCollapse-wrapper SnackbarItem-collapseWrapper"
        >
          <div
            class="MuiCollapse-wrapperInner"
          >
            <div
              class="MuiSnackbar-root SnackbarItem-root SnackbarItem-wrappedRoot MuiSnackbar-anchorOriginTopRight SnackbarItem-anchorOriginTopRight"
            >
              <div
                class="MuiPaper-root MuiSnackbarContent-root Notification-notificationGreen Notification-notificationShadow Notification-notification ForwardRef(Notification)-formNotification MuiPaper-elevation6"
                role="alert"
                style="webkit-transform: none; transform: none; webkit-transition: -webkit-transform 225ms cubic-bezier(0.0, 0, 0.2, 1) 0ms; transition: transform 225ms cubic-bezier(0.0, 0, 0.2, 1) 0ms;"
              >
                <div
                  class="MuiSnackbarContent-message"
                >
                  <div
                    class="Container-centerAlignItems Container-flex Notification-iconWrapper"
                  >
                    <svg
                      class="SvgCheckMinor16-root SvgCheckMinor16-green"
                      style="min-width: 16px; min-height: 16px;"
                      viewBox="0 0 16 16"
                    >
                      <path
                        d="M6.5 9.793l4-4 .707.707-4 4-.707.707L3.793 8.5l.707-.707 2 2z"
                      />
                    </svg>
                  </div>
                  <div
                    class="MuiTypography-root Typography-bodyMedium Notification-content Notification-contentCloseButton MuiTypography-body1"
                  >
                    Success message
                  </div>
                  <button
                    class="MuiButtonBase-root PicassoButton-circular PicassoButton-medium PicassoButton-primaryBlue PicassoButton-root Notification-close"
                    tabindex="0"
                    title="Close Notification"
                    type="button"
                  >
                    <span
                      class="Container-centerAlignItems Container-flex Container-inline PicassoButton-content"
                    >
                      <svg
                        class="SvgCloseMinor16-root PicassoButton-icon Notification-closeIcon"
                        style="min-width: 16px; min-height: 16px;"
                        viewBox="0 0 16 16"
                      >
                        <path
                          d="M8.707 8l3.5 3.5-.707.707-3.5-3.5-3.5 3.5-.707-.707 3.5-3.5-3.5-3.5.707-.707 3.5 3.5 3.5-3.5.707.707-3.5 3.5z"
                        />
                      </svg>
                    </span>
                  </button>
                </div>
              </div>
            </div>
          </div>
        </div>
      </div>
    </div>
  </div>
</div>
`;
