// Jest Snapshot v1, https://goo.gl/fbAQLP

exports[`PageHeaderMenu default render 1`] = `
<div>
  <div
    class="Picasso-root"
  >
    <div
      class="Dropdown-root"
    >
      <div
        class="Dropdown-anchor"
      >
        <div
          class="Container-flex UserBadge-root"
          style="align-items: center;"
        >
          <div
            class="Avatar-root Avatar-xsmall"
          >
            <img
              alt="Jacqueline Roque"
              class="Image-root Avatar-image Avatar-square Avatar-xsmall Avatar-clippedCorner UserBadge-avatar PageHeaderMenu-avatar"
              src="./jacqueline-with-flowers-1954-square.jpg"
            />
          </div>
          <div
            class="Container-flex Container-column"
            style="margin-left: 1em;"
          >
            <div
              class=""
            >
              <h4
                class="MuiTypography-root Typography-invert Typography-headingSmall UserBadge-name PageHeaderMenu-name PageHeaderMenu-truncateText MuiTypography-h4 MuiTypography-displayInline"
              >
                Jacqueline Roque
              </h4>
            </div>
          </div>
        </div>
        <span
          class="DropdownArrow-root PageHeaderMenu-arrow DropdownArrow-medium"
        />
      </div>
    </div>
  </div>
</div>
`;
