// Jest Snapshot v1, https://goo.gl/fbAQLP

exports[`DropdownArrow renders 1`] = `
<div>
  <span
    class="DropdownArrow-root DropdownArrow-medium"
  />
</div>
`;
